// Jest Snapshot v1, https://goo.gl/fbAQLP

exports[`Title renders correctly 1`] = `
<div>
  <h1
    class="sc-bdvvtL jQFIVW"
  >
    A Title
  </h1>
</div>
`;
